mode: set
github.com/eislab-cps/go-template/internal/cli/cli.go:12.44,19.21 5 0
github.com/eislab-cps/go-template/internal/cli/cli.go:19.21,21.18 2 0
github.com/eislab-cps/go-template/internal/cli/cli.go:21.18,23.12 2 0
github.com/eislab-cps/go-template/internal/cli/cli.go:26.3,27.21 2 0
github.com/eislab-cps/go-template/internal/cli/cli.go:27.21,29.12 2 0
github.com/eislab-cps/go-template/internal/cli/cli.go:32.3,34.18 2 0
github.com/eislab-cps/go-template/internal/cli/cli.go:35.23,37.10 2 0
github.com/eislab-cps/go-template/internal/cli/cli.go:38.15,39.14 1 0
github.com/eislab-cps/go-template/internal/cli/cli.go:40.14,41.21 1 0
github.com/eislab-cps/go-template/internal/cli/cli.go:41.21,43.5 1 0
github.com/eislab-cps/go-template/internal/cli/cli.go:43.10,45.5 1 0
github.com/eislab-cps/go-template/internal/cli/cli.go:46.14,47.21 1 0
github.com/eislab-cps/go-template/internal/cli/cli.go:47.21,49.5 1 0
github.com/eislab-cps/go-template/internal/cli/cli.go:49.10,51.5 1 0
github.com/eislab-cps/go-template/internal/cli/cli.go:52.11,53.85 1 0
github.com/eislab-cps/go-template/internal/cli/cli.go:56.3,56.26 1 0
github.com/eislab-cps/go-template/internal/cli/cli.go:60.17,66.2 5 1
github.com/eislab-cps/go-template/internal/cli/get.go:7.29,8.24 1 0
github.com/eislab-cps/go-template/internal/cli/get.go:8.24,11.3 2 0
github.com/eislab-cps/go-template/internal/cli/get.go:13.2,15.9 1 0
github.com/eislab-cps/go-template/internal/cli/get.go:15.9,17.12 2 0
github.com/eislab-cps/go-template/internal/cli/get.go:17.12,19.4 1 0
github.com/eislab-cps/go-template/internal/cli/get.go:19.9,21.4 1 0
github.com/eislab-cps/go-template/internal/cli/get.go:22.3,22.27 1 0
github.com/eislab-cps/go-template/internal/cli/get.go:23.8,25.3 1 0
github.com/eislab-cps/go-template/internal/cli/put.go:8.29,9.24 1 0
github.com/eislab-cps/go-template/internal/cli/put.go:9.24,12.3 2 0
github.com/eislab-cps/go-template/internal/cli/put.go:14.2,16.79 2 0
github.com/eislab-cps/go-template/internal/cli/put.go:16.79,19.3 2 0
github.com/eislab-cps/go-template/internal/cli/put.go:19.8,21.3 1 0
github.com/eislab-cps/go-template/internal/network/network.go:56.34,62.2 1 1
github.com/eislab-cps/go-template/internal/network/network.go:65.63,67.16 2 1
github.com/eislab-cps/go-template/internal/network/network.go:67.16,69.3 1 0
github.com/eislab-cps/go-template/internal/network/network.go:71.2,72.16 2 1
github.com/eislab-cps/go-template/internal/network/network.go:72.16,74.3 1 0
github.com/eislab-cps/go-template/internal/network/network.go:76.2,81.8 1 1
github.com/eislab-cps/go-template/internal/network/network.go:85.61,87.19 1 0
github.com/eislab-cps/go-template/internal/network/network.go:87.19,88.65 1 0
github.com/eislab-cps/go-template/internal/network/network.go:88.65,90.4 1 0
github.com/eislab-cps/go-template/internal/network/network.go:93.2,94.16 2 0
github.com/eislab-cps/go-template/internal/network/network.go:94.16,96.3 1 0
github.com/eislab-cps/go-template/internal/network/network.go:99.2,100.16 2 0
github.com/eislab-cps/go-template/internal/network/network.go:100.16,102.3 1 0
github.com/eislab-cps/go-template/internal/network/network.go:105.2,113.8 2 0
github.com/eislab-cps/go-template/internal/network/network.go:117.58,122.30 4 0
github.com/eislab-cps/go-template/internal/network/network.go:122.30,124.3 1 0
github.com/eislab-cps/go-template/internal/network/network.go:125.2,125.30 1 0
github.com/eislab-cps/go-template/internal/network/network.go:125.30,127.3 1 0
github.com/eislab-cps/go-template/internal/network/network.go:131.29,135.2 3 0
github.com/eislab-cps/go-template/internal/network/network.go:138.59,141.16 2 0
github.com/eislab-cps/go-template/internal/network/network.go:141.16,143.3 1 0
github.com/eislab-cps/go-template/internal/network/network.go:144.2,155.31 3 0
github.com/eislab-cps/go-template/internal/network/network.go:159.58,161.2 1 0
github.com/eislab-cps/go-template/internal/network/udp.go:22.49,32.16 4 1
github.com/eislab-cps/go-template/internal/network/udp.go:32.16,34.3 1 0
github.com/eislab-cps/go-template/internal/network/udp.go:36.2,36.17 1 1
github.com/eislab-cps/go-template/internal/network/udp.go:36.17,38.47 1 0
github.com/eislab-cps/go-template/internal/network/udp.go:38.47,40.4 1 0
github.com/eislab-cps/go-template/internal/network/udp.go:41.3,41.13 1 0
github.com/eislab-cps/go-template/internal/network/udp.go:45.2,46.16 2 1
github.com/eislab-cps/go-template/internal/network/udp.go:46.16,48.3 1 0
github.com/eislab-cps/go-template/internal/network/udp.go:49.2,49.63 1 1
github.com/eislab-cps/go-template/internal/network/udp.go:49.63,51.3 1 0
github.com/eislab-cps/go-template/internal/network/udp.go:52.2,52.12 1 1
github.com/eislab-cps/go-template/internal/network/udp.go:56.49,59.17 2 1
github.com/eislab-cps/go-template/internal/network/udp.go:59.17,62.17 2 0
github.com/eislab-cps/go-template/internal/network/udp.go:62.17,64.4 1 0
github.com/eislab-cps/go-template/internal/network/udp.go:65.3,66.17 2 0
github.com/eislab-cps/go-template/internal/network/udp.go:66.17,68.4 1 0
github.com/eislab-cps/go-template/internal/network/udp.go:69.3,78.9 2 0
github.com/eislab-cps/go-template/internal/network/udp.go:82.2,83.16 2 1
github.com/eislab-cps/go-template/internal/network/udp.go:83.16,85.3 1 1
github.com/eislab-cps/go-template/internal/network/udp.go:86.2,87.16 2 0
github.com/eislab-cps/go-template/internal/network/udp.go:87.16,89.3 1 0
github.com/eislab-cps/go-template/internal/network/udp.go:90.2,102.8 2 0
github.com/eislab-cps/go-template/internal/network/udp.go:106.39,107.31 1 1
github.com/eislab-cps/go-template/internal/network/udp.go:107.31,109.3 1 0
github.com/eislab-cps/go-template/internal/network/udp.go:110.2,110.23 1 1
github.com/eislab-cps/go-template/internal/network/udp.go:114.46,115.31 1 1
github.com/eislab-cps/go-template/internal/network/udp.go:115.31,117.3 1 0
github.com/eislab-cps/go-template/internal/network/udp.go:118.2,118.27 1 1
github.com/eislab-cps/go-template/internal/network/utils.go:20.55,22.16 2 1
github.com/eislab-cps/go-template/internal/network/utils.go:22.16,24.3 1 0
github.com/eislab-cps/go-template/internal/network/utils.go:25.2,25.18 1 1
github.com/eislab-cps/go-template/internal/network/utils.go:28.55,30.46 2 0
github.com/eislab-cps/go-template/internal/network/utils.go:30.46,32.3 1 0
github.com/eislab-cps/go-template/internal/network/utils.go:33.2,33.15 1 0
github.com/eislab-cps/go-template/internal/network/utils.go:37.45,38.14 1 1
github.com/eislab-cps/go-template/internal/network/utils.go:38.14,40.3 1 0
github.com/eislab-cps/go-template/internal/network/utils.go:41.2,41.36 1 1
github.com/eislab-cps/go-template/internal/network/utils.go:41.36,43.3 1 1
github.com/eislab-cps/go-template/internal/network/utils.go:45.2,46.16 2 0
github.com/eislab-cps/go-template/internal/network/utils.go:46.16,48.3 1 0
github.com/eislab-cps/go-template/internal/network/utils.go:49.2,51.35 3 0
github.com/eislab-cps/go-template/internal/network/utils.go:55.35,57.16 2 0
github.com/eislab-cps/go-template/internal/network/utils.go:57.16,60.3 1 0
github.com/eislab-cps/go-template/internal/network/utils.go:61.2,64.35 3 0
github.com/eislab-cps/go-template/internal/network/utils.go:67.43,69.16 2 0
github.com/eislab-cps/go-template/internal/network/utils.go:69.16,71.3 1 0
github.com/eislab-cps/go-template/internal/network/utils.go:74.2,74.31 1 0
github.com/eislab-cps/go-template/internal/network/utils.go:74.31,75.23 1 0
github.com/eislab-cps/go-template/internal/network/utils.go:75.23,77.18 2 0
github.com/eislab-cps/go-template/internal/network/utils.go:77.18,78.13 1 0
github.com/eislab-cps/go-template/internal/network/utils.go:80.4,80.31 1 0
github.com/eislab-cps/go-template/internal/network/utils.go:80.31,81.69 1 0
github.com/eislab-cps/go-template/internal/network/utils.go:81.69,82.31 1 0
github.com/eislab-cps/go-template/internal/network/utils.go:82.31,84.7 1 0
github.com/eislab-cps/go-template/internal/network/utils.go:91.2,91.31 1 0
github.com/eislab-cps/go-template/internal/network/utils.go:91.31,93.17 2 0
github.com/eislab-cps/go-template/internal/network/utils.go:93.17,94.12 1 0
github.com/eislab-cps/go-template/internal/network/utils.go:96.3,96.30 1 0
github.com/eislab-cps/go-template/internal/network/utils.go:96.30,97.68 1 0
github.com/eislab-cps/go-template/internal/network/utils.go:97.68,98.30 1 0
github.com/eislab-cps/go-template/internal/network/utils.go:98.30,100.6 1 0
github.com/eislab-cps/go-template/internal/network/utils.go:105.2,105.25 1 0
github.com/eislab-cps/go-template/internal/network/utils.go:109.56,111.16 2 0
github.com/eislab-cps/go-template/internal/network/utils.go:111.16,113.3 1 0
github.com/eislab-cps/go-template/internal/network/utils.go:114.2,124.23 3 0
github.com/eislab-cps/go-template/internal/node/bucket.go:16.26,20.2 3 1
github.com/eislab-cps/go-template/internal/node/bucket.go:23.44,30.27 4 1
github.com/eislab-cps/go-template/internal/node/bucket.go:30.27,31.35 1 1
github.com/eislab-cps/go-template/internal/node/bucket.go:31.35,33.9 2 1
github.com/eislab-cps/go-template/internal/node/bucket.go:37.2,37.17 1 1
github.com/eislab-cps/go-template/internal/node/bucket.go:37.17,39.23 1 1
github.com/eislab-cps/go-template/internal/node/bucket.go:39.23,42.4 1 1
github.com/eislab-cps/go-template/internal/node/bucket.go:44.3,44.49 1 1
github.com/eislab-cps/go-template/internal/node/bucket.go:45.8,52.3 3 1
github.com/eislab-cps/go-template/internal/node/bucket.go:56.47,60.27 3 1
github.com/eislab-cps/go-template/internal/node/bucket.go:60.27,61.35 1 1
github.com/eislab-cps/go-template/internal/node/bucket.go:61.35,64.9 2 1
github.com/eislab-cps/go-template/internal/node/bucket.go:70.47,74.27 3 1
github.com/eislab-cps/go-template/internal/node/bucket.go:74.27,75.35 1 1
github.com/eislab-cps/go-template/internal/node/bucket.go:75.35,77.4 1 1
github.com/eislab-cps/go-template/internal/node/bucket.go:79.2,79.14 1 1
github.com/eislab-cps/go-template/internal/node/bucket.go:83.37,86.22 3 1
github.com/eislab-cps/go-template/internal/node/bucket.go:86.22,88.3 1 1
github.com/eislab-cps/go-template/internal/node/bucket.go:89.2,89.18 1 1
github.com/eislab-cps/go-template/internal/node/bucket.go:93.36,96.22 3 1
github.com/eislab-cps/go-template/internal/node/bucket.go:96.22,98.3 1 0
github.com/eislab-cps/go-template/internal/node/bucket.go:99.2,99.30 1 1
github.com/eislab-cps/go-template/internal/node/bucket.go:103.44,108.32 4 1
github.com/eislab-cps/go-template/internal/node/bucket.go:108.32,110.3 1 1
github.com/eislab-cps/go-template/internal/node/bucket.go:111.2,111.17 1 1
github.com/eislab-cps/go-template/internal/node/bucket.go:115.28,119.2 3 1
github.com/eislab-cps/go-template/internal/node/bucket.go:122.32,126.2 3 1
github.com/eislab-cps/go-template/internal/node/handlers.go:11.50,15.21 4 0
github.com/eislab-cps/go-template/internal/node/handlers.go:15.21,22.3 4 0
github.com/eislab-cps/go-template/internal/node/handlers.go:23.2,23.12 1 0
github.com/eislab-cps/go-template/internal/node/handlers.go:26.49,34.2 3 0
github.com/eislab-cps/go-template/internal/node/handlers.go:36.49,43.2 3 0
github.com/eislab-cps/go-template/internal/node/handlers.go:45.53,67.2 7 0
github.com/eislab-cps/go-template/internal/node/handlers.go:69.61,79.58 4 0
github.com/eislab-cps/go-template/internal/node/handlers.go:79.58,80.10 1 0
github.com/eislab-cps/go-template/internal/node/handlers.go:81.28,82.62 1 0
github.com/eislab-cps/go-template/internal/node/handlers.go:83.11,84.59 1 0
github.com/eislab-cps/go-template/internal/node/handlers.go:86.3,87.13 2 0
github.com/eislab-cps/go-template/internal/node/handlers.go:89.2,93.19 3 0
github.com/eislab-cps/go-template/internal/node/handlers.go:93.19,95.17 2 0
github.com/eislab-cps/go-template/internal/node/handlers.go:95.17,97.4 1 0
github.com/eislab-cps/go-template/internal/node/handlers.go:98.3,98.29 1 0
github.com/eislab-cps/go-template/internal/node/handlers.go:98.29,100.4 1 0
github.com/eislab-cps/go-template/internal/node/handlers.go:102.2,102.12 1 0
github.com/eislab-cps/go-template/internal/node/handlers.go:105.54,115.48 5 0
github.com/eislab-cps/go-template/internal/node/handlers.go:115.48,118.3 2 0
github.com/eislab-cps/go-template/internal/node/handlers.go:118.8,123.3 4 0
github.com/eislab-cps/go-template/internal/node/handlers.go:126.2,136.42 2 0
github.com/eislab-cps/go-template/internal/node/handlers.go:139.62,153.58 5 0
github.com/eislab-cps/go-template/internal/node/handlers.go:153.58,154.10 1 0
github.com/eislab-cps/go-template/internal/node/handlers.go:155.28,156.52 1 0
github.com/eislab-cps/go-template/internal/node/handlers.go:157.11,158.59 1 0
github.com/eislab-cps/go-template/internal/node/handlers.go:160.3,161.13 2 0
github.com/eislab-cps/go-template/internal/node/handlers.go:163.2,167.42 3 0
github.com/eislab-cps/go-template/internal/node/handlers.go:167.42,170.3 2 0
github.com/eislab-cps/go-template/internal/node/handlers.go:173.2,175.16 3 0
github.com/eislab-cps/go-template/internal/node/handlers.go:175.16,177.3 1 0
github.com/eislab-cps/go-template/internal/node/handlers.go:179.2,180.33 2 0
github.com/eislab-cps/go-template/internal/node/handlers.go:180.33,184.3 2 0
github.com/eislab-cps/go-template/internal/node/handlers.go:186.2,186.12 1 0
github.com/eislab-cps/go-template/internal/node/node.go:41.40,45.2 3 1
github.com/eislab-cps/go-template/internal/node/node.go:48.54,52.2 3 1
github.com/eislab-cps/go-template/internal/node/node.go:55.61,60.2 4 1
github.com/eislab-cps/go-template/internal/node/node.go:62.62,64.53 1 1
github.com/eislab-cps/go-template/internal/node/node.go:64.53,66.3 1 1
github.com/eislab-cps/go-template/internal/node/node.go:67.2,70.54 2 0
github.com/eislab-cps/go-template/internal/node/node.go:70.54,72.3 1 0
github.com/eislab-cps/go-template/internal/node/node.go:73.2,74.23 2 0
github.com/eislab-cps/go-template/internal/node/node.go:81.60,85.16 3 1
github.com/eislab-cps/go-template/internal/node/node.go:85.16,87.3 1 0
github.com/eislab-cps/go-template/internal/node/node.go:89.2,91.43 3 1
github.com/eislab-cps/go-template/internal/node/node.go:91.43,93.3 1 0
github.com/eislab-cps/go-template/internal/node/node.go:95.2,96.44 2 1
github.com/eislab-cps/go-template/internal/node/node.go:96.44,98.3 1 0
github.com/eislab-cps/go-template/internal/node/node.go:100.2,116.18 4 1
github.com/eislab-cps/go-template/internal/node/node.go:118.35,126.2 7 1
github.com/eislab-cps/go-template/internal/node/node.go:128.42,130.43 2 0
github.com/eislab-cps/go-template/internal/node/node.go:130.43,131.20 1 0
github.com/eislab-cps/go-template/internal/node/node.go:131.20,134.4 1 0
github.com/eislab-cps/go-template/internal/node/node.go:136.2,136.17 1 0
github.com/eislab-cps/go-template/internal/node/node.go:139.55,140.16 1 0
github.com/eislab-cps/go-template/internal/node/node.go:140.16,142.3 1 0
github.com/eislab-cps/go-template/internal/node/node.go:144.2,147.29 3 0
github.com/eislab-cps/go-template/internal/node/node.go:147.29,149.27 2 0
github.com/eislab-cps/go-template/internal/node/node.go:149.27,150.12 1 0
github.com/eislab-cps/go-template/internal/node/node.go:153.3,155.17 3 0
github.com/eislab-cps/go-template/internal/node/node.go:155.17,156.12 1 0
github.com/eislab-cps/go-template/internal/node/node.go:159.3,160.17 2 0
github.com/eislab-cps/go-template/internal/node/node.go:160.17,161.12 1 0
github.com/eislab-cps/go-template/internal/node/node.go:164.3,169.36 2 0
github.com/eislab-cps/go-template/internal/node/node.go:172.2,172.21 1 0
github.com/eislab-cps/go-template/internal/node/node.go:175.47,177.33 2 0
github.com/eislab-cps/go-template/internal/node/node.go:177.33,183.3 2 0
github.com/eislab-cps/go-template/internal/node/node.go:184.2,184.33 1 0
github.com/eislab-cps/go-template/internal/node/node.go:188.56,193.16 3 0
github.com/eislab-cps/go-template/internal/node/node.go:193.16,195.3 1 0
github.com/eislab-cps/go-template/internal/node/node.go:198.2,202.16 3 0
github.com/eislab-cps/go-template/internal/node/node.go:202.16,204.3 1 0
github.com/eislab-cps/go-template/internal/node/node.go:207.2,211.26 3 0
github.com/eislab-cps/go-template/internal/node/node.go:211.26,213.3 1 0
github.com/eislab-cps/go-template/internal/node/node.go:214.2,215.16 2 0
github.com/eislab-cps/go-template/internal/node/node.go:215.16,217.3 1 0
github.com/eislab-cps/go-template/internal/node/node.go:219.2,219.12 1 0
github.com/eislab-cps/go-template/internal/node/node.go:223.63,227.2 3 1
github.com/eislab-cps/go-template/internal/node/node.go:230.24,231.14 1 1
github.com/eislab-cps/go-template/internal/node/node.go:231.14,233.3 1 0
github.com/eislab-cps/go-template/internal/node/node.go:234.2,234.25 1 1
github.com/eislab-cps/go-template/internal/node/node.go:234.25,237.3 2 0
github.com/eislab-cps/go-template/internal/node/node.go:239.2,239.6 1 1
github.com/eislab-cps/go-template/internal/node/node.go:239.6,242.15 2 1
github.com/eislab-cps/go-template/internal/node/node.go:242.15,245.4 2 0
github.com/eislab-cps/go-template/internal/node/node.go:246.3,250.17 3 1
github.com/eislab-cps/go-template/internal/node/node.go:250.17,252.17 2 1
github.com/eislab-cps/go-template/internal/node/node.go:252.17,254.5 1 0
github.com/eislab-cps/go-template/internal/node/node.go:255.4,256.9 2 1
github.com/eislab-cps/go-template/internal/node/node.go:259.3,259.35 1 0
github.com/eislab-cps/go-template/internal/node/node.go:261.2,263.41 3 1
github.com/eislab-cps/go-template/internal/node/node.go:266.55,268.9 1 0
github.com/eislab-cps/go-template/internal/node/node.go:269.33,274.28 2 0
github.com/eislab-cps/go-template/internal/node/node.go:274.28,275.17 1 0
github.com/eislab-cps/go-template/internal/node/node.go:275.17,279.5 2 0
github.com/eislab-cps/go-template/internal/node/node.go:282.4,282.28 1 0
github.com/eislab-cps/go-template/internal/node/node.go:285.10,288.23 2 0
github.com/eislab-cps/go-template/internal/node/node.go:292.43,295.37 2 0
github.com/eislab-cps/go-template/internal/node/node.go:295.37,296.10 1 0
github.com/eislab-cps/go-template/internal/node/node.go:297.18,297.18 0 0
github.com/eislab-cps/go-template/internal/node/node.go:298.11,298.11 0 0
github.com/eislab-cps/go-template/internal/node/node.go:300.3,302.9 3 0
github.com/eislab-cps/go-template/internal/node/node.go:304.2,307.19 3 0
github.com/eislab-cps/go-template/internal/node/node.go:307.19,309.3 1 0
github.com/eislab-cps/go-template/internal/node/node.go:312.2,314.13 3 0
github.com/eislab-cps/go-template/internal/node/node.go:314.13,316.3 1 0
github.com/eislab-cps/go-template/internal/node/node.go:317.2,320.30 2 0
github.com/eislab-cps/go-template/internal/node/node.go:320.30,321.38 1 0
github.com/eislab-cps/go-template/internal/node/node.go:321.38,323.4 1 0
github.com/eislab-cps/go-template/internal/node/node.go:324.8,326.3 1 0
github.com/eislab-cps/go-template/internal/node/node.go:330.68,341.2 2 1
github.com/eislab-cps/go-template/internal/node/node.go:343.30,360.2 9 1
github.com/eislab-cps/go-template/internal/node/node.go:363.34,365.2 1 1
github.com/eislab-cps/go-template/internal/node/nodelookup.go:16.62,19.2 2 0
github.com/eislab-cps/go-template/internal/node/nodelookup.go:21.55,25.29 4 0
github.com/eislab-cps/go-template/internal/node/nodelookup.go:25.29,27.3 1 0
github.com/eislab-cps/go-template/internal/node/nodelookup.go:28.2,29.14 2 0
github.com/eislab-cps/go-template/internal/node/nodelookup.go:31.57,35.29 4 0
github.com/eislab-cps/go-template/internal/node/nodelookup.go:35.29,37.3 1 0
github.com/eislab-cps/go-template/internal/node/nodelookup.go:38.2,39.29 2 0
github.com/eislab-cps/go-template/internal/node/nodelookup.go:39.29,42.17 3 0
github.com/eislab-cps/go-template/internal/node/nodelookup.go:42.17,44.4 1 0
github.com/eislab-cps/go-template/internal/node/nodelookup.go:44.9,46.4 1 0
github.com/eislab-cps/go-template/internal/node/nodelookup.go:51.83,56.6 4 0
github.com/eislab-cps/go-template/internal/node/nodelookup.go:56.6,59.34 3 0
github.com/eislab-cps/go-template/internal/node/nodelookup.go:59.34,61.4 1 0
github.com/eislab-cps/go-template/internal/node/nodelookup.go:62.3,64.37 3 0
github.com/eislab-cps/go-template/internal/node/nodelookup.go:64.37,65.63 1 0
github.com/eislab-cps/go-template/internal/node/nodelookup.go:65.63,68.5 2 0
github.com/eislab-cps/go-template/internal/node/nodelookup.go:71.3,71.24 1 0
github.com/eislab-cps/go-template/internal/node/nodelookup.go:71.24,72.9 1 0
github.com/eislab-cps/go-template/internal/node/nodelookup.go:75.3,78.35 3 0
github.com/eislab-cps/go-template/internal/node/nodelookup.go:78.35,80.22 2 0
github.com/eislab-cps/go-template/internal/node/nodelookup.go:80.22,84.5 3 0
github.com/eislab-cps/go-template/internal/node/nodelookup.go:87.3,91.35 4 0
github.com/eislab-cps/go-template/internal/node/nodelookup.go:91.35,92.20 1 0
github.com/eislab-cps/go-template/internal/node/nodelookup.go:92.20,94.5 1 0
github.com/eislab-cps/go-template/internal/node/nodelookup.go:95.4,95.48 1 0
github.com/eislab-cps/go-template/internal/node/nodelookup.go:98.3,98.33 1 0
github.com/eislab-cps/go-template/internal/node/nodelookup.go:98.33,99.36 1 0
github.com/eislab-cps/go-template/internal/node/nodelookup.go:99.36,101.5 1 0
github.com/eislab-cps/go-template/internal/node/nodelookup.go:104.3,105.25 2 0
github.com/eislab-cps/go-template/internal/node/nodelookup.go:105.25,107.4 1 0
github.com/eislab-cps/go-template/internal/node/nodelookup.go:110.2,110.30 1 0
github.com/eislab-cps/go-template/internal/node/nodelookup.go:113.68,116.40 2 0
github.com/eislab-cps/go-template/internal/node/nodelookup.go:116.40,120.3 3 0
github.com/eislab-cps/go-template/internal/node/nodelookup.go:122.2,122.14 1 0
github.com/eislab-cps/go-template/internal/node/nodelookup.go:131.82,133.15 2 0
github.com/eislab-cps/go-template/internal/node/nodelookup.go:133.15,135.3 1 0
github.com/eislab-cps/go-template/internal/node/nodelookup.go:135.8,137.3 1 0
github.com/eislab-cps/go-template/internal/node/nodelookup.go:140.2,150.15 7 0
github.com/eislab-cps/go-template/internal/node/nodelookup.go:150.15,154.3 3 0
github.com/eislab-cps/go-template/internal/node/nodelookup.go:157.2,169.16 3 0
github.com/eislab-cps/go-template/internal/node/nodelookup.go:169.16,171.3 1 0
github.com/eislab-cps/go-template/internal/node/nodelookup.go:174.2,174.9 1 0
github.com/eislab-cps/go-template/internal/node/nodelookup.go:175.37,176.56 1 0
github.com/eislab-cps/go-template/internal/node/nodelookup.go:177.37,179.35 2 0
github.com/eislab-cps/go-template/internal/node/nodelookup.go:183.78,187.55 3 0
github.com/eislab-cps/go-template/internal/node/nodelookup.go:187.55,190.3 2 0
github.com/eislab-cps/go-template/internal/node/nodelookup.go:193.2,194.16 2 0
github.com/eislab-cps/go-template/internal/node/nodelookup.go:194.16,197.3 2 0
github.com/eislab-cps/go-template/internal/node/nodelookup.go:199.2,200.48 2 0
github.com/eislab-cps/go-template/internal/node/routingtable.go:21.47,25.28 2 1
github.com/eislab-cps/go-template/internal/node/routingtable.go:25.28,27.3 1 1
github.com/eislab-cps/go-template/internal/node/routingtable.go:28.2,28.11 1 1
github.com/eislab-cps/go-template/internal/node/routingtable.go:31.65,43.36 6 1
github.com/eislab-cps/go-template/internal/node/routingtable.go:43.36,44.39 1 1
github.com/eislab-cps/go-template/internal/node/routingtable.go:44.39,47.4 2 1
github.com/eislab-cps/go-template/internal/node/routingtable.go:50.2,50.38 1 1
github.com/eislab-cps/go-template/internal/node/routingtable.go:50.38,52.3 1 1
github.com/eislab-cps/go-template/internal/node/routingtable.go:54.2,55.41 2 1
github.com/eislab-cps/go-template/internal/node/routingtable.go:55.41,57.3 1 1
github.com/eislab-cps/go-template/internal/node/routingtable.go:58.2,58.15 1 1
github.com/eislab-cps/go-template/internal/node/routingtable.go:61.52,64.39 2 1
github.com/eislab-cps/go-template/internal/node/routingtable.go:64.39,67.3 2 1
github.com/eislab-cps/go-template/internal/node/routingtable.go:70.2,77.96 5 1
github.com/eislab-cps/go-template/internal/node/routingtable.go:80.55,87.2 3 1
github.com/eislab-cps/go-template/internal/node/routingtable.go:89.69,92.26 2 1
github.com/eislab-cps/go-template/internal/node/routingtable.go:92.26,94.3 1 1
github.com/eislab-cps/go-template/internal/node/routingtable.go:99.2,103.15 3 1
github.com/eislab-cps/go-template/internal/node/routingtable.go:103.15,105.3 1 0
github.com/eislab-cps/go-template/internal/node/routingtable.go:106.2,106.25 1 1
github.com/eislab-cps/go-template/internal/node/routingtable.go:106.25,108.3 1 0
github.com/eislab-cps/go-template/internal/node/routingtable.go:109.2,109.14 1 1
github.com/eislab-cps/go-template/internal/network/network.go:56.34,62.2 1 1
github.com/eislab-cps/go-template/internal/network/network.go:65.63,67.16 2 1
github.com/eislab-cps/go-template/internal/network/network.go:67.16,69.3 1 0
github.com/eislab-cps/go-template/internal/network/network.go:71.2,72.16 2 1
github.com/eislab-cps/go-template/internal/network/network.go:72.16,74.3 1 0
github.com/eislab-cps/go-template/internal/network/network.go:76.2,81.8 1 1
github.com/eislab-cps/go-template/internal/network/network.go:85.61,87.19 1 1
github.com/eislab-cps/go-template/internal/network/network.go:87.19,88.65 1 1
github.com/eislab-cps/go-template/internal/network/network.go:88.65,90.4 1 1
github.com/eislab-cps/go-template/internal/network/network.go:93.2,94.16 2 1
github.com/eislab-cps/go-template/internal/network/network.go:94.16,96.3 1 0
github.com/eislab-cps/go-template/internal/network/network.go:99.2,100.16 2 1
github.com/eislab-cps/go-template/internal/network/network.go:100.16,102.3 1 0
github.com/eislab-cps/go-template/internal/network/network.go:105.2,113.8 2 1
github.com/eislab-cps/go-template/internal/network/network.go:117.58,122.30 4 1
github.com/eislab-cps/go-template/internal/network/network.go:122.30,124.3 1 1
github.com/eislab-cps/go-template/internal/network/network.go:125.2,125.30 1 1
github.com/eislab-cps/go-template/internal/network/network.go:125.30,127.3 1 1
github.com/eislab-cps/go-template/internal/network/network.go:131.29,135.2 3 1
github.com/eislab-cps/go-template/internal/network/network.go:138.59,141.16 2 1
github.com/eislab-cps/go-template/internal/network/network.go:141.16,143.3 1 0
github.com/eislab-cps/go-template/internal/network/network.go:144.2,155.31 3 1
github.com/eislab-cps/go-template/internal/network/network.go:159.58,161.2 1 1
github.com/eislab-cps/go-template/internal/network/udp.go:22.49,32.16 4 1
github.com/eislab-cps/go-template/internal/network/udp.go:32.16,34.3 1 0
github.com/eislab-cps/go-template/internal/network/udp.go:36.2,36.17 1 1
github.com/eislab-cps/go-template/internal/network/udp.go:36.17,38.47 1 1
github.com/eislab-cps/go-template/internal/network/udp.go:38.47,40.4 1 0
github.com/eislab-cps/go-template/internal/network/udp.go:41.3,41.13 1 1
github.com/eislab-cps/go-template/internal/network/udp.go:45.2,46.16 2 0
github.com/eislab-cps/go-template/internal/network/udp.go:46.16,48.3 1 0
github.com/eislab-cps/go-template/internal/network/udp.go:49.2,49.63 1 0
github.com/eislab-cps/go-template/internal/network/udp.go:49.63,51.3 1 0
github.com/eislab-cps/go-template/internal/network/udp.go:52.2,52.12 1 0
github.com/eislab-cps/go-template/internal/network/udp.go:56.49,59.17 2 1
github.com/eislab-cps/go-template/internal/network/udp.go:59.17,62.17 2 1
github.com/eislab-cps/go-template/internal/network/udp.go:62.17,64.4 1 1
github.com/eislab-cps/go-template/internal/network/udp.go:65.3,66.17 2 0
github.com/eislab-cps/go-template/internal/network/udp.go:66.17,68.4 1 0
github.com/eislab-cps/go-template/internal/network/udp.go:69.3,78.9 2 0
github.com/eislab-cps/go-template/internal/network/udp.go:82.2,83.16 2 1
github.com/eislab-cps/go-template/internal/network/udp.go:83.16,85.3 1 0
github.com/eislab-cps/go-template/internal/network/udp.go:86.2,87.16 2 1
github.com/eislab-cps/go-template/internal/network/udp.go:87.16,89.3 1 0
github.com/eislab-cps/go-template/internal/network/udp.go:90.2,102.8 2 1
github.com/eislab-cps/go-template/internal/network/udp.go:106.39,107.31 1 1
github.com/eislab-cps/go-template/internal/network/udp.go:107.31,109.3 1 0
github.com/eislab-cps/go-template/internal/network/udp.go:110.2,110.23 1 1
github.com/eislab-cps/go-template/internal/network/udp.go:114.46,115.31 1 1
github.com/eislab-cps/go-template/internal/network/udp.go:115.31,117.3 1 0
github.com/eislab-cps/go-template/internal/network/udp.go:118.2,118.27 1 1
github.com/eislab-cps/go-template/internal/network/utils.go:20.55,22.16 2 1
github.com/eislab-cps/go-template/internal/network/utils.go:22.16,24.3 1 0
github.com/eislab-cps/go-template/internal/network/utils.go:25.2,25.18 1 1
github.com/eislab-cps/go-template/internal/network/utils.go:28.55,30.46 2 1
github.com/eislab-cps/go-template/internal/network/utils.go:30.46,32.3 1 0
github.com/eislab-cps/go-template/internal/network/utils.go:33.2,33.15 1 1
github.com/eislab-cps/go-template/internal/network/utils.go:37.45,38.14 1 1
github.com/eislab-cps/go-template/internal/network/utils.go:38.14,40.3 1 1
github.com/eislab-cps/go-template/internal/network/utils.go:41.2,41.36 1 1
github.com/eislab-cps/go-template/internal/network/utils.go:41.36,43.3 1 1
github.com/eislab-cps/go-template/internal/network/utils.go:45.2,46.16 2 0
github.com/eislab-cps/go-template/internal/network/utils.go:46.16,48.3 1 0
github.com/eislab-cps/go-template/internal/network/utils.go:49.2,51.35 3 0
github.com/eislab-cps/go-template/internal/network/utils.go:55.35,57.16 2 1
github.com/eislab-cps/go-template/internal/network/utils.go:57.16,60.3 1 0
github.com/eislab-cps/go-template/internal/network/utils.go:61.2,64.35 3 1
github.com/eislab-cps/go-template/internal/network/utils.go:67.43,69.16 2 0
github.com/eislab-cps/go-template/internal/network/utils.go:69.16,71.3 1 0
github.com/eislab-cps/go-template/internal/network/utils.go:74.2,74.31 1 0
github.com/eislab-cps/go-template/internal/network/utils.go:74.31,75.23 1 0
github.com/eislab-cps/go-template/internal/network/utils.go:75.23,77.18 2 0
github.com/eislab-cps/go-template/internal/network/utils.go:77.18,78.13 1 0
github.com/eislab-cps/go-template/internal/network/utils.go:80.4,80.31 1 0
github.com/eislab-cps/go-template/internal/network/utils.go:80.31,81.69 1 0
github.com/eislab-cps/go-template/internal/network/utils.go:81.69,82.31 1 0
github.com/eislab-cps/go-template/internal/network/utils.go:82.31,84.7 1 0
github.com/eislab-cps/go-template/internal/network/utils.go:91.2,91.31 1 0
github.com/eislab-cps/go-template/internal/network/utils.go:91.31,93.17 2 0
github.com/eislab-cps/go-template/internal/network/utils.go:93.17,94.12 1 0
github.com/eislab-cps/go-template/internal/network/utils.go:96.3,96.30 1 0
github.com/eislab-cps/go-template/internal/network/utils.go:96.30,97.68 1 0
github.com/eislab-cps/go-template/internal/network/utils.go:97.68,98.30 1 0
github.com/eislab-cps/go-template/internal/network/utils.go:98.30,100.6 1 0
github.com/eislab-cps/go-template/internal/network/utils.go:105.2,105.25 1 0
github.com/eislab-cps/go-template/internal/network/utils.go:109.56,111.16 2 1
github.com/eislab-cps/go-template/internal/network/utils.go:111.16,113.3 1 0
github.com/eislab-cps/go-template/internal/network/utils.go:114.2,124.23 3 1
